'While loop with continue, 3 should be missing'
10.0
9.0
8.0
7.0
6.0
5.0
4.0
2.0
1.0

'While loop with continue,  should print from 1 to 5'
1.0
2.0
3.0
4.0
5.0

'For loop with continue, output should go from 10 to 14'
10.0
11.0
12.0
13.0
14.0

'For loop with continue, output should skip 15'
10.0
11.0
12.0
13.0
14.0
16.0
17.0
18.0
19.0
20.0

