'Old Value of A'
20.0
ALREADY A GLOBAL VARIABLE!
'New Value of A'
10.0
