'The values are: '
100.0
200.0
'Max value is '
200.0
