'value of num2: '
10.0

'value of num2: '
11.0

'value of num2: '
12.0

'value of num2: '
13.0

'value of num2: '
14.0

'value of num2: '
15.0

'value of num2: '
16.0

'value of num2: '
17.0

'value of num2: '
18.0

'value of num2: '
19.0

'value of num2: '
20.0


'value of num2: '
20.0

'value of num2: '
19.0

'value of num2: '
18.0

'value of num2: '
17.0

'value of num2: '
16.0

'value of num2: '
15.0

'value of num2: '
14.0

'value of num2: '
13.0

'value of num2: '
12.0

'value of num2: '
11.0

'value of num2: '
10.0

