'Checking for minimum of 3 numbers'
'Minimum of the 3 numbers: '
300.0
