'Start Test Case #8'
'Enter a number for d: '

'|'
'|'
'|'
'|'
'|'
'|'
'V'

'Is 12*d greater than 100?'
true
